// Jest Snapshot v1, https://goo.gl/fbAQLP

exports[`matches snapshot 1`] = `
<div
  className="rounded border px-3 py-1 border-teal-300 font-bold text-teal-300 cursor-pointer hover:bg-teal-300 hover:text-slate-800 hover:shadow-teal-300 hover:shadow"
  data-testid="button"
>
  Hi, 
  save
</div>
`;
